[WARNING] Unable to find the root directory. Create a .mvn directory in the root directory or add the root="true" attribute on the root project's model to identify it.
[INFO] Scanning for projects...
[INFO] ------------------------------------------------------------------------
[INFO] Reactor Build Order:
[INFO] 
[INFO] data-sync-service                                                  [pom]
[INFO] Common Core                                                        [jar]
[INFO] User Service                                                       [jar]
[INFO] 
[INFO] -------------------< org.example:data-sync-service >--------------------
[INFO] Building data-sync-service 1.0-SNAPSHOT                            [6/8]
[INFO]   from pom.xml
[INFO] --------------------------------[ pom ]---------------------------------
[INFO] Copying org.example:data-sync-service:pom:1.0-SNAPSHOT to project local repository
[INFO] Copying org.example:data-sync-service:pom:consumer:1.0-SNAPSHOT to project local repository
[INFO] 
[INFO] ----------------------< org.example:common-core >-----------------------
[INFO] Building Common Core 1.0-SNAPSHOT                                  [7/8]
[INFO]   from common-core\pom.xml
[INFO] --------------------------------[ jar ]---------------------------------
[WARNING] Version not locked for default bindings plugins [maven-resources-plugin], you should define versions in pluginManagement section of your pom.xml or parent
[INFO] 
[INFO] --- resources:3.3.1:resources (default-resources) @ common-core ---
[INFO] Copying 2 resources from src\main\resources to target\classes
[INFO] skip non existing resourceDirectory C:\mydata\Projects\data-sync-service\common-core\src\main\resources-filtered
[INFO] 
[INFO] --- compiler:3.11.0:compile (default-compile) @ common-core ---
[INFO] Nothing to compile - all classes are up to date
[INFO] 
[INFO] -----------------------< org.user:user-service >------------------------
[INFO] Building User Service 1.0-SNAPSHOT                                 [8/8]
[INFO]   from user-service\pom.xml
[INFO] --------------------------------[ jar ]---------------------------------
[WARNING] Version not locked for default bindings plugins [maven-resources-plugin], you should define versions in pluginManagement section of your pom.xml or parent
[INFO] 
[INFO] --- resources:3.3.1:resources (default-resources) @ user-service ---
[INFO] Copying 3 resources from src\main\resources to target\classes
[INFO] skip non existing resourceDirectory C:\mydata\Projects\data-sync-service\user-service\src\main\resources-filtered
[INFO] 
[INFO] --- compiler:3.11.0:compile (default-compile) @ user-service ---
[INFO] Changes detected - recompiling the module! :source
[INFO] Compiling 9 source files with javac [debug target 17] to target\classes
[INFO] -------------------------------------------------------------
[ERROR] COMPILATION ERROR : 
[INFO] -------------------------------------------------------------
[ERROR] /C:/mydata/Projects/data-sync-service/user-service/src/main/java/org/user/security/oauth2/TokenRevocationController.java:[45,48] ?????
  ??:   ?? getId()
  ??: ? org.springframework.security.oauth2.core.OAuth2AccessToken
[INFO] 1 error
[INFO] -------------------------------------------------------------
[INFO] ------------------------------------------------------------------------
[INFO] Reactor Summary for data-sync-service 1.0-SNAPSHOT:
[INFO] 
[INFO] data-sync-service .................................. SUCCESS [  0.052 s]
[INFO] Common Core ........................................ SUCCESS [  3.238 s]
[INFO] User Service ....................................... FAILURE [  7.088 s]
[INFO] ------------------------------------------------------------------------
[INFO] BUILD FAILURE
[INFO] ------------------------------------------------------------------------
[INFO] Total time:  13.812 s
[INFO] Finished at: 2026-06-23T14:40:51+08:00
[INFO] ------------------------------------------------------------------------
[ERROR] Failed to execute goal org.apache.maven.plugins:maven-compiler-plugin:3.11.0:compile (default-compile) on project user-service: Compilation failure
[ERROR] /C:/mydata/Projects/data-sync-service/user-service/src/main/java/org/user/security/oauth2/TokenRevocationController.java:[45,48] ?????
[ERROR]   ??:   ?? getId()
[ERROR]   ??: ? org.springframework.security.oauth2.core.OAuth2AccessToken
[ERROR] -> [Help 1]
[ERROR] 
[ERROR] To see the full stack trace of the errors, re-run Maven with the '-e' switch
[ERROR] Re-run Maven using the '-X' switch to enable verbose output
[ERROR] 
[ERROR] For more information about the errors and possible solutions, please read the following articles:
[ERROR] [Help 1] http://cwiki.apache.org/confluence/display/MAVEN/CompilationFailureException
[ERROR] 
[ERROR] After correcting the problems, you can resume the build with the command
[ERROR]   mvn [args] -r
